// Jest Snapshot v1, https://goo.gl/fbAQLP

exports[`footer has a valid snapshot 1`] = `
<footer>
  <p>
    En construcción... No es un sitio oficial, sólo un sitio para practicar el uso de Spring (back-end) y React (front-end). ¡Cualquier feedback or sugerencias son muy bienvenidas! :D
  </p>
</footer>
`;
