// Jest Snapshot v1, https://goo.gl/fbAQLP

exports[`header has a valid snapshot 1`] = `
<header>
  <h1>
    Librer√≠a de Madrid
  </h1>
</header>
`;