// Jest Snapshot v1, https://goo.gl/fbAQLP

exports[`Welcome has a valid snapshot 1`] = `
<div>
  <h1>
    ¡Bienvenido a Librería de Madrid!
  </h1>
  <p>
    Elige las opciones arriba para navegar en nuestro sitio
  </p>
</div>
`;
