// Jest Snapshot v1, https://goo.gl/fbAQLP

exports[`errorMessage has a valid snapshot 1`] = `
<div
  className="message"
>
  <p>
    Ocurri√≥ un problema :(
  </p>
  <p>
    No Network Available
  </p>
</div>
`;
