// Jest Snapshot v1, https://goo.gl/fbAQLP

exports[`listBooks has a valid snapshot 1`] = `
<div>
  <h1>
    Lista de los libros
  </h1>
  <div>
    <div>
      <p
        className="loading"
      >
        Cargando...
      </p>
    </div>
  </div>
</div>
`;
