// Jest Snapshot v1, https://goo.gl/fbAQLP

exports[`updateBook has a valid snapshot 1`] = `
<div>
  <h1>
    Atualizar el libro
  </h1>
  <form
    className="formulario"
    onSubmit={[Function]}
  >
    <label>
      <span
        className="legend"
      >
        Pesquisar libro: 
      </span>
      <input
        className="inputForm"
        name="bookId"
        onChange={[Function]}
        type="number"
      />
    </label>
    <input
      className="submitButton"
      type="submit"
      value="Pesquisar"
    />
  </form>
  <div
    className="message"
  >
    <p>
      Por favor seleciona un c√≥digo del libro y clica en "Pesquisar".
    </p>
  </div>
</div>
`;
